// Jest Snapshot v1, https://goo.gl/fbAQLP

exports[`<Button> Render correctly Button component 1`] = `
<button
  className="button undefined button--primary"
  type="button"
>
  Title
</button>
`;
